
> app@0.1.0 start
> next start

▲ Next.js 16.1.1
- Local:         http://localhost:3000
- Network:       http://192.168.178.33:3000

✓ Starting...
⚠ Warning: Next.js inferred your workspace root, but it may not be correct.
 We detected multiple lockfiles and selected the directory of /Users/mat/package-lock.json as the root directory.
 To silence this warning, set `outputFileTracingRoot` in your Next.js config, or consider removing one of the lockfiles if it's not needed.
   See https://nextjs.org/docs/app/api-reference/config/next-config-js/output#caveats for more information.
 Detected additional lockfiles: 
   * /Users/mat/Desktop/indicator/Option_app/app/package-lock.json

✓ Ready in 437ms
[Cron] Starting calculation at 2026-01-02T12:31:57.040Z
[Cron] User midnight (CET): 2026-01-01T23:00:00.000Z
[Cron] Fetched 5836 total trades
[Cron] Filtered to 889 trades
[Cron] Result: S=87199, R=90904, GH=88742, GL=89460
[Cron] Successfully saved to DB
[Cron] Starting calculation at 2026-01-02T12:31:59.574Z
[Cron] User midnight (CET): 2026-01-01T23:00:00.000Z
[Cron] Fetched 5836 total trades
[Cron] Filtered to 889 trades
[Cron] Result: S=87199, R=90904, GH=88742, GL=89460
[Cron] Successfully saved to DB
